---
source: libonion/src/lexer/tests.rs
expression: let x=5
---
[
  {
    "kind": {
      "type": "Let"
    },
    "span": {
      "start": 0,
      "end": 3
    }
  },
  {
    "kind": {
      "type": "Identifier",
      "value": {
        "name": "x"
      }
    },
    "span": {
      "start": 4,
      "end": 5
    }
  },
  {
    "kind": {
      "type": "Assign"
    },
    "span": {
      "start": 5,
      "end": 6
    }
  },
  {
    "kind": {
      "type": "Integer",
      "value": 5
    },
    "span": {
      "start": 6,
      "end": 7
    }
  },
  {
    "kind": {
      "type": "EOF"
    },
    "span": {
      "start": 7,
      "end": 8
    }
  }
]
